300,0.5,16
pose:
0.04 0 0 0 0 0 0 0.04 0 0 0 0 0 0 0.04 0 0 0 0 0 0 0.04 0 0 0 0 0 0 0.04 0 0 0 0 0 0 0.04 
twist:
10 0 0 0 0 0 0 0.001 0 0 0 0 0 0 0.001 0 0 0 0 0 0 10 0 0 0 0 0 0 10 0 0 0 0 0 0 10 
[0m[INFO] [1783662442.519249521]: Received initial pose from RViz: x=-388.135 y=403.082 z=0 roll=0 pitch=0 yaw=-0.00844942[0m
[0m[INFO] [1783662442.527053550]: Initial z resolved from extracted map surface with 13355 candidates: ground_z=38.002 offset=1.5 initial_z=39.502[0m
Map Size is: 1920
[33m[WARN] [1783662445.262973109, 1723528213.427850488]: Not enough correct points, corner 0[0m
[33m[WARN] [1783662445.278417322, 1723528213.432931907]: Not enough correct points, corner 0[0m
[33m[WARN] [1783662445.460395129, 1723528213.523896157]: Not enough correct points, corner 0[0m
[33m[WARN] [1783662445.658772602, 1723528213.625067394]: Not enough correct points, corner 0[0m
[33m[WARN] [1783662445.861391541, 1723528213.727739514]: Not enough correct points, corner 0[0m
[33m[WARN] [1783662446.061958905, 1723528213.824292976]: Not enough correct points, corner 0[0m
[33m[WARN] [1783662446.269727251, 1723528213.930406614]: Not enough correct points, corner 0[0m
[33m[WARN] [1783662446.466447119, 1723528214.027206509]: Not enough correct points, corner 0[0m
[33m[WARN] [1783662446.668622238, 1723528214.128886457]: Not enough correct points, corner 0[0m
[33m[WARN] [1783662446.873811614, 1723528214.234842372]: Not enough correct points, corner 0[0m
[33m[WARN] [1783662447.070571759, 1723528214.330824087]: Not enough correct points, corner 0[0m
[33m[WARN] [1783662447.277470269, 1723528214.432492435]: Not enough correct points, corner 0[0m
[33m[WARN] [1783662447.475375116, 1723528214.533712297]: Not enough correct points, corner 0[0m
[33m[WARN] [1783662447.673347673, 1723528214.630372713]: Not enough correct points, corner 0[0m
[33m[WARN] [1783662447.879537816, 1723528214.737275059]: Not enough correct points, corner 0[0m
[33m[WARN] [1783662448.079408446, 1723528214.834104878]: Not enough correct points, corner 0[0m
[33m[WARN] [1783662448.280734932, 1723528214.935756979]: Not enough correct points, corner 0[0m
[0m[INFO] [1783662443.386505197]: odom inited[0m

Summary cost:6.91963
[0m[INFO] [1783662445.272815784, 1723528213.432931907]: odom estimation time 14.126818 ms[0m
[0m[INFO] [1783662445.272849436, 1723528213.432931907]: average odom estimation time 14.126818 ms and frame count is 1 
 
[0m

Summary cost:10.4373
[0m[INFO] [1783662445.287305391, 1723528213.437965408]: odom estimation time 11.630727 ms[0m
[0m[INFO] [1783662445.287325969, 1723528213.437965408]: average odom estimation time 12.878772 ms and frame count is 2 
 
[0m

Summary cost:13.3837
[0m[INFO] [1783662445.467476325, 1723528213.528943808]: odom estimation time 9.972627 ms[0m
[0m[INFO] [1783662445.467500273, 1723528213.528943808]: average odom estimation time 11.910057 ms and frame count is 3 
 
[0m

Summary cost:15.1374
[0m[INFO] [1783662445.666642060, 1723528213.630098864]: odom estimation time 10.702892 ms[0m
[0m[INFO] [1783662445.666664886, 1723528213.630098864]: average odom estimation time 11.608266 ms and frame count is 4 
 
[0m

Summary cost:17.8864
[0m[INFO] [1783662445.873023698, 1723528213.732772994]: odom estimation time 14.999524 ms[0m
[0m[INFO] [1783662445.873065105, 1723528213.732772994]: average odom estimation time 12.286518 ms and frame count is 5 
 
[0m

Summary cost:18.5152
[0m[INFO] [1783662446.072867101, 1723528213.829379164]: odom estimation time 14.243833 ms[0m
[0m[INFO] [1783662446.072894451, 1723528213.829379164]: average odom estimation time 12.612737 ms and frame count is 6 
 
[0m

Summary cost:17.6104
[0m[INFO] [1783662446.278723222, 1723528213.935454723]: odom estimation time 14.600171 ms[0m
[0m[INFO] [1783662446.278745265, 1723528213.935454723]: average odom estimation time 12.896656 ms and frame count is 7 
 
[0m

Summary cost:16.9452
[0m[INFO] [1783662446.480720076, 1723528214.037290335]: odom estimation time 17.920179 ms[0m
[0m[INFO] [1783662446.480743458, 1723528214.037290335]: average odom estimation time 13.524596 ms and frame count is 8 
 
[0m

Summary cost:15.5827
[0m[INFO] [1783662446.676761612, 1723528214.133999667]: odom estimation time 10.535488 ms[0m
[0m[INFO] [1783662446.676787532, 1723528214.133999667]: average odom estimation time 13.192473 ms and frame count is 9 
 
[0m

Summary cost:14.3086
[0m[INFO] [1783662446.881314349, 1723528214.234842372]: odom estimation time 11.497101 ms[0m
[0m[INFO] [1783662446.881347271, 1723528214.234842372]: average odom estimation time 13.022936 ms and frame count is 10 
 
[0m

Summary cost:13.325
[0m[INFO] [1783662447.079641224, 1723528214.335855934]: odom estimation time 11.973092 ms[0m
[0m[INFO] [1783662447.079691182, 1723528214.335855934]: average odom estimation time 12.927496 ms and frame count is 11 
 
[0m

Summary cost:12.0931
[0m[INFO] [1783662447.289822466, 1723528214.442836394]: odom estimation time 17.269537 ms[0m
[0m[INFO] [1783662447.289853638, 1723528214.442836394]: average odom estimation time 13.289332 ms and frame count is 12 
 
[0m

Summary cost:11.5519
[0m[INFO] [1783662447.484513453, 1723528214.538765010]: odom estimation time 12.054047 ms[0m
[0m[INFO] [1783662447.484542326, 1723528214.538765010]: average odom estimation time 13.194310 ms and frame count is 13 
 
[0m

Summary cost:11.3064
[0m[INFO] [1783662447.681092280, 1723528214.635404938]: odom estimation time 9.795587 ms[0m
[0m[INFO] [1783662447.681110442, 1723528214.635404938]: average odom estimation time 12.951544 ms and frame count is 14 
 
[0m

Summary cost:11.4762
[0m[INFO] [1783662447.892554259, 1723528214.743168733]: odom estimation time 18.166956 ms[0m
[0m[INFO] [1783662447.892582992, 1723528214.743168733]: average odom estimation time 13.299239 ms and frame count is 15 
 
[0m

Summary cost:11.2045
[0m[INFO] [1783662448.086421682, 1723528214.839137222]: odom estimation time 10.536800 ms[0m
[0m[INFO] [1783662448.086452361, 1723528214.839137222]: average odom estimation time 13.126586 ms and frame count is 16 
 
[0m

Summary cost:12.0439
[0m[INFO] [1783662448.287785020, 1723528214.940790628]: odom estimation time 10.985943 ms[0m
[33m[WARN] [1783662448.489069307, 1723528215.041629951]: Not enough correct points, corner 0[0m
[33m[WARN] [1783662448.686015380, 1723528215.139770897]: Not enough correct points, corner 0[0m
[33m[WARN] [1783662448.886878114, 1723528215.241434850]: Not enough correct points, corner 0[0m
[33m[WARN] [1783662449.094802297, 1723528215.342577739]: Not enough correct points, corner 0[0m
[33m[WARN] [1783662449.288669918, 1723528215.438436903]: Not enough correct points, corner 0[0m
[33m[WARN] [1783662449.493152760, 1723528215.544320092]: Not enough correct points, corner 0[0m
[33m[WARN] [1783662449.693831238, 1723528215.640384994]: Not enough correct points, corner 0[0m
[33m[WARN] [1783662449.897068732, 1723528215.741470797]: Not enough correct points, corner 0[0m
[33m[WARN] [1783662450.102957861, 1723528215.847530220]: Not enough correct points, corner 0[0m
[33m[WARN] [1783662450.299936986, 1723528215.943798243]: Not enough correct points, corner 0[0m
[33m[WARN] [1783662450.503208598, 1723528216.049813760]: Not enough correct points, corner 0[0m
[33m[WARN] [1783662450.708935046, 1723528216.151853159]: Not enough correct points, corner 0[0m
[33m[WARN] [1783662450.906250471, 1723528216.248419272]: Not enough correct points, corner 0[0m
[33m[WARN] [1783662451.106182562, 1723528216.349915859]: Not enough correct points, corner 0[0m
[33m[WARN] [1783662451.306963013, 1723528216.446966919]: Not enough correct points, corner 0[0m
[33m[WARN] [1783662451.506689474, 1723528216.548601447]: Not enough correct points, corner 0[0m
[33m[WARN] [1783662451.707924572, 1723528216.649782542]: Not enough correct points, corner 0[0m
[0m[INFO] [1783662448.287810386, 1723528214.940790628]: average odom estimation time 13.000666 ms and frame count is 17 
 
[0m

Summary cost:12.7639
[0m[INFO] [1783662448.497051299, 1723528215.041629951]: odom estimation time 13.639660 ms[0m
[0m[INFO] [1783662448.497081259, 1723528215.041629951]: average odom estimation time 13.036166 ms and frame count is 18 
 
[0m

Summary cost:16.4151
[0m[INFO] [1783662448.696356842, 1723528215.144805520]: odom estimation time 14.615788 ms[0m
[0m[INFO] [1783662448.696401028, 1723528215.144805520]: average odom estimation time 13.119304 ms and frame count is 19 
 
[0m

Summary cost:18.0907
[0m[INFO] [1783662448.896434739, 1723528215.241434850]: odom estimation time 12.459248 ms[0m
[0m[INFO] [1783662448.896484986, 1723528215.241434850]: average odom estimation time 13.086301 ms and frame count is 20 
 
[0m

Summary cost:19.621
[0m[INFO] [1783662449.105091905, 1723528215.347623358]: odom estimation time 12.344414 ms[0m
[0m[INFO] [1783662449.105118043, 1723528215.347623358]: average odom estimation time 13.050973 ms and frame count is 21 
 
[0m

Summary cost:20.6095
[0m[INFO] [1783662449.295825136, 1723528215.443479052]: odom estimation time 10.133871 ms[0m
[0m[INFO] [1783662449.295851494, 1723528215.443479052]: average odom estimation time 12.918377 ms and frame count is 22 
 
[0m

Summary cost:20.7415
[0m[INFO] [1783662449.499664168, 1723528215.544320092]: odom estimation time 9.315458 ms[0m
[0m[INFO] [1783662449.499685530, 1723528215.544320092]: average odom estimation time 12.761729 ms and frame count is 23 
 
[0m

Summary cost:20.8274
[0m[INFO] [1783662449.702940195, 1723528215.645416145]: odom estimation time 13.216587 ms[0m
[0m[INFO] [1783662449.702968418, 1723528215.645416145]: average odom estimation time 12.780681 ms and frame count is 24 
 
[0m

Summary cost:21.717
[0m[INFO] [1783662449.910765525, 1723528215.751708825]: odom estimation time 19.432837 ms[0m
[0m[INFO] [1783662449.910786866, 1723528215.751708825]: average odom estimation time 13.046767 ms and frame count is 25 
 
[0m

Summary cost:21.344
[0m[INFO] [1783662450.108691092, 1723528215.847530220]: odom estimation time 10.280031 ms[0m
[0m[INFO] [1783662450.108716717, 1723528215.847530220]: average odom estimation time 12.940354 ms and frame count is 26 
 
[0m

Summary cost:19.9143
[0m[INFO] [1783662450.305726955, 1723528215.948881088]: odom estimation time 7.698505 ms[0m
[0m[INFO] [1783662450.305746707, 1723528215.948881088]: average odom estimation time 12.746212 ms and frame count is 27 
 
[0m

Summary cost:20.3568
[0m[INFO] [1783662450.509521787, 1723528216.049813760]: odom estimation time 9.884515 ms[0m
[0m[INFO] [1783662450.509541560, 1723528216.049813760]: average odom estimation time 12.644008 ms and frame count is 28 
 
[0m

Summary cost:20.0882
[0m[INFO] [1783662450.714769644, 1723528216.151853159]: odom estimation time 10.258186 ms[0m
[0m[INFO] [1783662450.714795239, 1723528216.151853159]: average odom estimation time 12.561739 ms and frame count is 29 
 
[0m

Summary cost:21.0463
[0m[INFO] [1783662450.915012870, 1723528216.253451514]: odom estimation time 12.355843 ms[0m
[0m[INFO] [1783662450.915045669, 1723528216.253451514]: average odom estimation time 12.554875 ms and frame count is 30 
 
[0m

Summary cost:20.7989
[0m[INFO] [1783662451.114550419, 1723528216.354951980]: odom estimation time 12.155199 ms[0m
[0m[INFO] [1783662451.114588910, 1723528216.354951980]: average odom estimation time 12.541983 ms and frame count is 31 
 
[0m

Summary cost:21.6567
[0m[INFO] [1783662451.316444369, 1723528216.452058224]: odom estimation time 12.266163 ms[0m
[0m[INFO] [1783662451.316479124, 1723528216.452058224]: average odom estimation time 12.533363 ms and frame count is 32 
 
[0m

Summary cost:18.5505
[0m[INFO] [1783662451.514615700, 1723528216.553719248]: odom estimation time 10.057991 ms[0m
[0m[INFO] [1783662451.514638210, 1723528216.553719248]: average odom estimation time 12.458352 ms and frame count is 33 
 
[0m

Summary cost:22.6199
[33m[WARN] [1783662451.913990014, 1723528216.751170617]: Not enough correct points, corner 0[0m
[33m[WARN] [1783662452.120723775, 1723528216.857401268]: Not enough correct points, corner 0[0m
[33m[WARN] [1783662452.313425578, 1723528216.954316928]: Not enough correct points, corner 0[0m
[33m[WARN] [1783662452.517819876, 1723528217.055347677]: Not enough correct points, corner 0[0m
[33m[WARN] [1783662452.718318233, 1723528217.156224019]: Not enough correct points, corner 0[0m
[33m[WARN] [1783662452.919307490, 1723528217.257027616]: Not enough correct points, corner 0[0m
[33m[WARN] [1783662453.124562558, 1723528217.358333466]: Not enough correct points, corner 0[0m
[33m[WARN] [1783662453.326992599, 1723528217.459600853]: Not enough correct points, corner 0[0m
[33m[WARN] [1783662453.524908827, 1723528217.555888618]: Not enough correct points, corner 0[0m
[33m[WARN] [1783662453.729505945, 1723528217.662938009]: Not enough correct points, corner 0[0m
[33m[WARN] [1783662453.929607878, 1723528217.759637826]: Not enough correct points, corner 0[0m
[33m[WARN] [1783662454.131609081, 1723528217.860904122]: Not enough correct points, corner 0[0m
[33m[WARN] [1783662454.337790173, 1723528217.962299331]: Not enough correct points, corner 0[0m
[33m[WARN] [1783662454.540365534, 1723528218.063635155]: Not enough correct points, corner 0[0m
[33m[WARN] [1783662454.744878520, 1723528218.169392775]: Not enough correct points, corner 0[0m
[33m[WARN] [1783662454.938484881, 1723528218.265683154]: Not enough correct points, corner 0[0m
[0m[INFO] [1783662451.714925517, 1723528216.654817099]: odom estimation time 9.737499 ms[0m
[0m[INFO] [1783662451.714957435, 1723528216.654817099]: average odom estimation time 12.378327 ms and frame count is 34 
 
[0m

Summary cost:24.9436
[0m[INFO] [1783662451.921526011, 1723528216.756186463]: odom estimation time 11.754372 ms[0m
[0m[INFO] [1783662451.921548617, 1723528216.756186463]: average odom estimation time 12.360500 ms and frame count is 35 
 
[0m

Summary cost:23.1094
[0m[INFO] [1783662452.126937630, 1723528216.857401268]: odom estimation time 8.449986 ms[0m
[0m[INFO] [1783662452.126955467, 1723528216.857401268]: average odom estimation time 12.251874 ms and frame count is 36 
 
[0m

Summary cost:22.0856
[0m[INFO] [1783662452.319750478, 1723528216.954316928]: odom estimation time 9.435049 ms[0m
[0m[INFO] [1783662452.319784958, 1723528216.954316928]: average odom estimation time 12.175744 ms and frame count is 37 
 
[0m

Summary cost:22.1674
[0m[INFO] [1783662452.525737769, 1723528217.060383520]: odom estimation time 11.012121 ms[0m
[0m[INFO] [1783662452.525760564, 1723528217.060383520]: average odom estimation time 12.145122 ms and frame count is 38 
 
[0m

Summary cost:20.0575
[0m[INFO] [1783662452.724383317, 1723528217.156224019]: odom estimation time 8.381584 ms[0m
[0m[INFO] [1783662452.724407574, 1723528217.156224019]: average odom estimation time 12.048621 ms and frame count is 39 
 
[0m

Summary cost:20.1286
[0m[INFO] [1783662452.926943993, 1723528217.257027616]: odom estimation time 10.895526 ms[0m
[0m[INFO] [1783662452.926968329, 1723528217.257027616]: average odom estimation time 12.019794 ms and frame count is 40 
 
[0m

Summary cost:19.8752
[0m[INFO] [1783662453.145819959, 1723528217.368504913]: odom estimation time 26.036463 ms[0m
[0m[INFO] [1783662453.145841303, 1723528217.368504913]: average odom estimation time 12.361664 ms and frame count is 41 
 
[0m

Summary cost:20.9529
[0m[INFO] [1783662453.336599358, 1723528217.464716751]: odom estimation time 12.580144 ms[0m
[0m[INFO] [1783662453.336636645, 1723528217.464716751]: average odom estimation time 12.366866 ms and frame count is 42 
 
[0m

Summary cost:20.7335
[0m[INFO] [1783662453.531980932, 1723528217.560928937]: odom estimation time 9.143499 ms[0m
[0m[INFO] [1783662453.531999918, 1723528217.560928937]: average odom estimation time 12.291904 ms and frame count is 43 
 
[0m

Summary cost:19.4868
[0m[INFO] [1783662453.737145117, 1723528217.662938009]: odom estimation time 11.053512 ms[0m
[0m[INFO] [1783662453.737171906, 1723528217.662938009]: average odom estimation time 12.263758 ms and frame count is 44 
 
[0m

Summary cost:20.2089
[0m[INFO] [1783662453.937223214, 1723528217.764665808]: odom estimation time 11.334487 ms[0m
[0m[INFO] [1783662453.937248995, 1723528217.764665808]: average odom estimation time 12.243108 ms and frame count is 45 
 
[0m

Summary cost:20.6622
[0m[INFO] [1783662454.157941052, 1723528217.876329869]: odom estimation time 29.402302 ms[0m
[0m[INFO] [1783662454.157966856, 1723528217.876329869]: average odom estimation time 12.616134 ms and frame count is 46 
 
[0m

Summary cost:20.2958
[0m[INFO] [1783662454.347343651, 1723528217.967333480]: odom estimation time 14.304688 ms[0m
[0m[INFO] [1783662454.347365554, 1723528217.967333480]: average odom estimation time 12.652061 ms and frame count is 47 
 
[0m

Summary cost:19.6426
[0m[INFO] [1783662454.546920904, 1723528218.068697032]: odom estimation time 9.176642 ms[0m
[0m[INFO] [1783662454.546941667, 1723528218.068697032]: average odom estimation time 12.579656 ms and frame count is 48 
 
[0m

Summary cost:18.0805
[0m[INFO] [1783662454.751317329, 1723528218.169392775]: odom estimation time 12.805522 ms[0m
[0m[INFO] [1783662454.751342079, 1723528218.169392775]: average odom estimation time 12.584266 ms and frame count is 49 
 
[0m

Summary cost:19.688
[0m[INFO] [1783662454.947119253, 1723528218.270715437]: odom estimation time 11.234612 ms[0m
[33m[WARN] [1783662455.139595547, 1723528218.363221265]: Not enough correct points, corner 0[0m
[33m[WARN] [1783662455.341211350, 1723528218.464225414]: Not enough correct points, corner 0[0m
[33m[WARN] [1783662455.545083225, 1723528218.570724506]: Not enough correct points, corner 0[0m
[33m[WARN] [1783662455.742937744, 1723528218.667403938]: Not enough correct points, corner 0[0m
[33m[WARN] [1783662455.949341405, 1723528218.768174211]: Not enough correct points, corner 0[0m
[33m[WARN] [1783662456.150015265, 1723528218.869172764]: Not enough correct points, corner 0[0m
[33m[WARN] [1783662456.350836556, 1723528218.970552704]: Not enough correct points, corner 0[0m
[33m[WARN] [1783662456.551548832, 1723528219.071822336]: Not enough correct points, corner 0[0m
[33m[WARN] [1783662456.752694191, 1723528219.173360848]: Not enough correct points, corner 0[0m
[33m[WARN] [1783662456.952351776, 1723528219.269646867]: Not enough correct points, corner 0[0m
[33m[WARN] [1783662457.154886301, 1723528219.370973895]: Not enough correct points, corner 0[0m
[33m[WARN] [1783662457.356602204, 1723528219.471892608]: Not enough correct points, corner 0[0m
[33m[WARN] [1783662457.563560548, 1723528219.578168093]: Not enough correct points, corner 0[0m
[33m[WARN] [1783662457.765261066, 1723528219.679454474]: Not enough correct points, corner 0[0m
[33m[WARN] [1783662457.966203865, 1723528219.780662779]: Not enough correct points, corner 0[0m
[33m[WARN] [1783662458.164133965, 1723528219.876822582]: Not enough correct points, corner 0[0m
[33m[WARN] [1783662458.372002929, 1723528219.982970868]: Not enough correct points, corner 0[0m
[0m[INFO] [1783662454.947149203, 1723528218.270715437]: average odom estimation time 12.557272 ms and frame count is 50 
 
[0m

Summary cost:19.3731
[0m[INFO] [1783662455.146487850, 1723528218.368254465]: odom estimation time 9.087575 ms[0m
[0m[INFO] [1783662455.146514009, 1723528218.368254465]: average odom estimation time 12.489239 ms and frame count is 51 
 
[0m

Summary cost:19.3409
[0m[INFO] [1783662455.349358874, 1723528218.469261411]: odom estimation time 10.796771 ms[0m
[0m[INFO] [1783662455.349390104, 1723528218.469261411]: average odom estimation time 12.456692 ms and frame count is 52 
 
[0m

Summary cost:20.3004
[0m[INFO] [1783662455.552613188, 1723528218.570724506]: odom estimation time 10.628651 ms[0m
[0m[INFO] [1783662455.552639274, 1723528218.570724506]: average odom estimation time 12.422200 ms and frame count is 53 
 
[0m

Summary cost:20.6762
[0m[INFO] [1783662455.752563919, 1723528218.672437743]: odom estimation time 12.746453 ms[0m
[0m[INFO] [1783662455.752596845, 1723528218.672437743]: average odom estimation time 12.428205 ms and frame count is 54 
 
[0m

Summary cost:20.5638
[0m[INFO] [1783662455.967343724, 1723528218.778249550]: odom estimation time 22.568851 ms[0m
[0m[INFO] [1783662455.967381341, 1723528218.778249550]: average odom estimation time 12.612580 ms and frame count is 55 
 
[0m

Summary cost:20.5845
[0m[INFO] [1783662456.157989212, 1723528218.874260331]: odom estimation time 10.991276 ms[0m
[0m[INFO] [1783662456.158013750, 1723528218.874260331]: average odom estimation time 12.583629 ms and frame count is 56 
 
[0m

Summary cost:19.3609
[0m[INFO] [1783662456.362799155, 1723528218.975586545]: odom estimation time 15.280839 ms[0m
[0m[INFO] [1783662456.362847551, 1723528218.975586545]: average odom estimation time 12.630948 ms and frame count is 57 
 
[0m

Summary cost:19.9752
[0m[INFO] [1783662456.557954774, 1723528219.076940156]: odom estimation time 8.404060 ms[0m
[0m[INFO] [1783662456.557988681, 1723528219.076940156]: average odom estimation time 12.558071 ms and frame count is 58 
 
[0m

Summary cost:21.8146
[0m[INFO] [1783662456.758540245, 1723528219.173360848]: odom estimation time 7.889187 ms[0m
[0m[INFO] [1783662456.758560798, 1723528219.173360848]: average odom estimation time 12.478937 ms and frame count is 59 
 
[0m

Summary cost:21.9331
[0m[INFO] [1783662456.962601351, 1723528219.274798513]: odom estimation time 12.893866 ms[0m
[0m[INFO] [1783662456.962651689, 1723528219.274798513]: average odom estimation time 12.485853 ms and frame count is 60 
 
[0m

Summary cost:23.5513
[0m[INFO] [1783662457.165297985, 1723528219.376006106]: odom estimation time 13.563496 ms[0m
[0m[INFO] [1783662457.165336565, 1723528219.376006106]: average odom estimation time 12.503519 ms and frame count is 61 
 
[0m

Summary cost:22.7422
[0m[INFO] [1783662457.363824225, 1723528219.476933594]: odom estimation time 9.292077 ms[0m
[0m[INFO] [1783662457.363857549, 1723528219.476933594]: average odom estimation time 12.451721 ms and frame count is 62 
 
[0m

Summary cost:25.1001
[0m[INFO] [1783662457.575389605, 1723528219.583201439]: odom estimation time 17.366756 ms[0m
[0m[INFO] [1783662457.575428138, 1723528219.583201439]: average odom estimation time 12.529738 ms and frame count is 63 
 
[0m

Summary cost:25.777
[0m[INFO] [1783662457.779780858, 1723528219.684486789]: odom estimation time 17.639648 ms[0m
[0m[INFO] [1783662457.779819877, 1723528219.684486789]: average odom estimation time 12.609580 ms and frame count is 64 
 
[0m

Summary cost:22.3361
[0m[INFO] [1783662457.972587989, 1723528219.780662779]: odom estimation time 8.613618 ms[0m
[0m[INFO] [1783662457.972610700, 1723528219.780662779]: average odom estimation time 12.548104 ms and frame count is 65 
 
[0m

Summary cost:22.1972
[0m[INFO] [1783662458.169731215, 1723528219.881885440]: odom estimation time 7.524832 ms[0m
[0m[INFO] [1783662458.169748165, 1723528219.881885440]: average odom estimation time 12.471994 ms and frame count is 66 
 
[0m

Summary cost:25.1618
[0m[INFO] [1783662458.378799168, 1723528219.982970868]: odom estimation time 9.944202 ms[0m
[33m[WARN] [1783662458.568154370, 1723528220.079220999]: Not enough correct points, corner 0[0m
[33m[WARN] [1783662458.774197500, 1723528220.185430327]: Not enough correct points, corner 0[0m
[33m[WARN] [1783662458.973010427, 1723528220.282277056]: Not enough correct points, corner 0[0m
[33m[WARN] [1783662459.173884025, 1723528220.384370906]: Not enough correct points, corner 0[0m
[33m[WARN] [1783662459.373941359, 1723528220.480981822]: Not enough correct points, corner 0[0m
[33m[WARN] [1783662459.577541568, 1723528220.582539444]: Not enough correct points, corner 0[0m
[33m[WARN] [1783662459.779058166, 1723528220.683817540]: Not enough correct points, corner 0[0m
[33m[WARN] [1783662459.981897467, 1723528220.785161734]: Not enough correct points, corner 0[0m
[33m[WARN] [1783662460.182733449, 1723528220.886258590]: Not enough correct points, corner 0[0m
[33m[WARN] [1783662460.386740320, 1723528220.987337972]: Not enough correct points, corner 0[0m
[33m[WARN] [1783662460.585338720, 1723528221.088402464]: Not enough correct points, corner 0[0m
[33m[WARN] [1783662460.790057993, 1723528221.191445781]: Not enough correct points, corner 0[0m
[33m[WARN] [1783662460.991423262, 1723528221.292439460]: Not enough correct points, corner 0[0m
[33m[WARN] [1783662461.189047458, 1723528221.388400977]: Not enough correct points, corner 0[0m
[33m[WARN] [1783662461.401642275, 1723528221.494663709]: Not enough correct points, corner 0[0m
[33m[WARN] [1783662461.600519960, 1723528221.595514029]: Not enough correct points, corner 0[0m
[33m[WARN] [1783662461.799761030, 1723528221.696986793]: Not enough correct points, corner 0[0m
[0m[INFO] [1783662458.378821955, 1723528219.982970868]: average odom estimation time 12.434265 ms and frame count is 67 
 
[0m

Summary cost:24.4398
[0m[INFO] [1783662458.574616932, 1723528220.084254242]: odom estimation time 8.091987 ms[0m
[0m[INFO] [1783662458.574636948, 1723528220.084254242]: average odom estimation time 12.370408 ms and frame count is 68 
 
[0m

Summary cost:21.3685
[0m[INFO] [1783662458.780105305, 1723528220.185430327]: odom estimation time 8.264063 ms[0m
[0m[INFO] [1783662458.780127029, 1723528220.185430327]: average odom estimation time 12.310896 ms and frame count is 69 
 
[0m

Summary cost:22.7705
[0m[INFO] [1783662458.981848122, 1723528220.287311094]: odom estimation time 11.796890 ms[0m
[0m[INFO] [1783662458.981870577, 1723528220.287311094]: average odom estimation time 12.303553 ms and frame count is 70 
 
[0m

Summary cost:22.8811
[0m[INFO] [1783662459.184966469, 1723528220.389401996]: odom estimation time 14.957635 ms[0m
[0m[INFO] [1783662459.185000873, 1723528220.389401996]: average odom estimation time 12.340935 ms and frame count is 71 
 
[0m

Summary cost:22.7524
[0m[INFO] [1783662459.382232534, 1723528220.486039761]: odom estimation time 11.530785 ms[0m
[0m[INFO] [1783662459.382257126, 1723528220.486039761]: average odom estimation time 12.329683 ms and frame count is 72 
 
[0m

Summary cost:21.0372
[0m[INFO] [1783662459.584104676, 1723528220.587572174]: odom estimation time 8.994935 ms[0m
[0m[INFO] [1783662459.584125219, 1723528220.587572174]: average odom estimation time 12.284001 ms and frame count is 73 
 
[0m

Summary cost:21.4763
[0m[INFO] [1783662459.803999890, 1723528220.699198695]: odom estimation time 28.055117 ms[0m
[0m[INFO] [1783662459.804030226, 1723528220.699198695]: average odom estimation time 12.497124 ms and frame count is 74 
 
[0m

Summary cost:20.5794
[0m[INFO] [1783662459.990933740, 1723528220.790205849]: odom estimation time 12.945718 ms[0m
[0m[INFO] [1783662459.990974646, 1723528220.790205849]: average odom estimation time 12.503105 ms and frame count is 75 
 
[0m

Summary cost:21.0818
[0m[INFO] [1783662460.188688790, 1723528220.891290123]: odom estimation time 9.447988 ms[0m
[0m[INFO] [1783662460.188712642, 1723528220.891290123]: average odom estimation time 12.462907 ms and frame count is 76 
 
[0m

Summary cost:21.6797
[0m[INFO] [1783662460.397128849, 1723528220.992664908]: odom estimation time 15.200185 ms[0m
[0m[INFO] [1783662460.397178167, 1723528220.992664908]: average odom estimation time 12.498456 ms and frame count is 77 
 
[0m

Summary cost:21.16
[0m[INFO] [1783662460.610124467, 1723528221.099201062]: odom estimation time 27.848711 ms[0m
[0m[INFO] [1783662460.610154393, 1723528221.099201062]: average odom estimation time 12.695254 ms and frame count is 78 
 
[0m

Summary cost:21.1074
[0m[INFO] [1783662460.811922674, 1723528221.201540194]: odom estimation time 25.887623 ms[0m
[0m[INFO] [1783662460.811962083, 1723528221.201540194]: average odom estimation time 12.862246 ms and frame count is 79 
 
[0m

Summary cost:22.2356
[0m[INFO] [1783662461.002760997, 1723528221.297667713]: odom estimation time 15.326304 ms[0m
[0m[INFO] [1783662461.002806784, 1723528221.297667713]: average odom estimation time 12.893047 ms and frame count is 80 
 
[0m

Summary cost:20.8739
[0m[INFO] [1783662461.210132759, 1723528221.403504301]: odom estimation time 23.966627 ms[0m
[0m[INFO] [1783662461.210172934, 1723528221.403504301]: average odom estimation time 13.029757 ms and frame count is 81 
 
[0m

Summary cost:23.0989
[0m[INFO] [1783662461.410200773, 1723528221.499696570]: odom estimation time 15.345911 ms[0m
[0m[INFO] [1783662461.410239218, 1723528221.499696570]: average odom estimation time 13.058003 ms and frame count is 82 
 
[0m

Summary cost:22.657
[0m[INFO] [1783662461.608415331, 1723528221.600552049]: odom estimation time 12.779844 ms[0m
[0m[INFO] [1783662461.608465615, 1723528221.600552049]: average odom estimation time 13.054652 ms and frame count is 83 
 
[0m

Summary cost:21.414
[33m[WARN] [1783662461.998184102, 1723528221.794165698]: Not enough correct points, corner 0[0m
[33m[WARN] [1783662462.200505254, 1723528221.895274396]: Not enough correct points, corner 0[0m
[33m[WARN] [1783662462.405852757, 1723528221.997702764]: Not enough correct points, corner 0[0m
[33m[WARN] [1783662462.605363802, 1723528222.099568958]: Not enough correct points, corner 0[0m
[33m[WARN] [1783662462.806756615, 1723528222.200650199]: Not enough correct points, corner 0[0m
[33m[WARN] [1783662463.010960124, 1723528222.301551303]: Not enough correct points, corner 0[0m
[33m[WARN] [1783662463.215951885, 1723528222.403170189]: Not enough correct points, corner 0[0m
[33m[WARN] [1783662463.414922256, 1723528222.504823654]: Not enough correct points, corner 0[0m
[33m[WARN] [1783662463.612907504, 1723528222.600820571]: Not enough correct points, corner 0[0m
[33m[WARN] [1783662463.811757655, 1723528222.702119348]: Not enough correct points, corner 0[0m
[33m[WARN] [1783662464.015450478, 1723528222.803553985]: Not enough correct points, corner 0[0m
[33m[WARN] [1783662464.217975577, 1723528222.905371422]: Not enough correct points, corner 0[0m
[33m[WARN] [1783662464.421920846, 1723528223.006382957]: Not enough correct points, corner 0[0m
[33m[WARN] [1783662464.619871094, 1723528223.107412705]: Not enough correct points, corner 0[0m
[33m[WARN] [1783662464.823578309, 1723528223.209295717]: Not enough correct points, corner 0[0m
[33m[WARN] [1783662465.021379863, 1723528223.305376718]: Not enough correct points, corner 0[0m
[0m[INFO] [1783662461.805797919, 1723528221.696986793]: odom estimation time 9.140451 ms[0m
[0m[INFO] [1783662461.805820233, 1723528221.696986793]: average odom estimation time 13.008054 ms and frame count is 84 
 
[0m

Summary cost:22.3152
[0m[INFO] [1783662462.005775394, 1723528221.799292010]: odom estimation time 9.484443 ms[0m
[0m[INFO] [1783662462.005813831, 1723528221.799292010]: average odom estimation time 12.966600 ms and frame count is 85 
 
[0m

Summary cost:20.6876
[0m[INFO] [1783662462.208570966, 1723528221.900306277]: odom estimation time 10.712658 ms[0m
[0m[INFO] [1783662462.208605686, 1723528221.900306277]: average odom estimation time 12.940391 ms and frame count is 86 
 
[0m

Summary cost:21.6763
[0m[INFO] [1783662462.412063170, 1723528222.002807991]: odom estimation time 8.327981 ms[0m
[0m[INFO] [1783662462.412082478, 1723528222.002807991]: average odom estimation time 12.887375 ms and frame count is 87 
 
[0m

Summary cost:21.7971
[0m[INFO] [1783662462.611239026, 1723528222.099568958]: odom estimation time 7.799009 ms[0m
[0m[INFO] [1783662462.611264144, 1723528222.099568958]: average odom estimation time 12.829553 ms and frame count is 88 
 
[0m

Summary cost:21.6393
[0m[INFO] [1783662462.813655700, 1723528222.200650199]: odom estimation time 9.989450 ms[0m
[0m[INFO] [1783662462.813679242, 1723528222.200650199]: average odom estimation time 12.797642 ms and frame count is 89 
 
[0m

Summary cost:21.5844
[0m[INFO] [1783662463.016926627, 1723528222.306584961]: odom estimation time 10.096411 ms[0m
[0m[INFO] [1783662463.016946042, 1723528222.306584961]: average odom estimation time 12.767628 ms and frame count is 90 
 
[0m

Summary cost:20.9891
[0m[INFO] [1783662463.224779367, 1723528222.408211958]: odom estimation time 13.733531 ms[0m
[0m[INFO] [1783662463.224810694, 1723528222.408211958]: average odom estimation time 12.778242 ms and frame count is 91 
 
[0m

Summary cost:23.575
[0m[INFO] [1783662463.420883824, 1723528222.504823654]: odom estimation time 9.953404 ms[0m
[0m[INFO] [1783662463.420903828, 1723528222.504823654]: average odom estimation time 12.747537 ms and frame count is 92 
 
[0m

Summary cost:22.7427
[0m[INFO] [1783662463.621956630, 1723528222.605854766]: odom estimation time 13.181154 ms[0m
[0m[INFO] [1783662463.621981774, 1723528222.605854766]: average odom estimation time 12.752200 ms and frame count is 93 
 
[0m

Summary cost:21.5987
[0m[INFO] [1783662463.841805492, 1723528222.717742257]: odom estimation time 32.164158 ms[0m
[0m[INFO] [1783662463.841832814, 1723528222.717742257]: average odom estimation time 12.958710 ms and frame count is 94 
 
[0m

Summary cost:20.4202
[0m[INFO] [1783662464.021465951, 1723528222.808584477]: odom estimation time 9.839505 ms[0m
[0m[INFO] [1783662464.021487871, 1723528222.808584477]: average odom estimation time 12.925876 ms and frame count is 95 
 
[0m

Summary cost:20.2275
[0m[INFO] [1783662464.223794878, 1723528222.905371422]: odom estimation time 8.909034 ms[0m
[0m[INFO] [1783662464.223818721, 1723528222.905371422]: average odom estimation time 12.884034 ms and frame count is 96 
 
[0m

Summary cost:20.4279
[0m[INFO] [1783662464.431037216, 1723528223.011415970]: odom estimation time 12.395977 ms[0m
[0m[INFO] [1783662464.431071309, 1723528223.011415970]: average odom estimation time 12.879003 ms and frame count is 97 
 
[0m

Summary cost:18.5702
[0m[INFO] [1783662464.625113386, 1723528223.107412705]: odom estimation time 7.474176 ms[0m
[0m[INFO] [1783662464.625134227, 1723528223.107412705]: average odom estimation time 12.823851 ms and frame count is 98 
 
[0m

Summary cost:17.86
[0m[INFO] [1783662464.829271416, 1723528223.209295717]: odom estimation time 8.536995 ms[0m
[0m[INFO] [1783662464.829309756, 1723528223.209295717]: average odom estimation time 12.780550 ms and frame count is 99 
 
[0m

Summary cost:17.6727
[0m[INFO] [1783662465.030839852, 1723528223.310408612]: odom estimation time 13.469282 ms[0m
[33m[WARN] [1783662465.226484374, 1723528223.407246227]: Not enough correct points, corner 0[0m
[33m[WARN] [1783662465.427797307, 1723528223.508794548]: Not enough correct points, corner 0[0m
[33m[WARN] [1783662465.630864432, 1723528223.610398527]: Not enough correct points, corner 0[0m
[33m[WARN] [1783662465.834413396, 1723528223.711373051]: Not enough correct points, corner 0[0m
[33m[WARN] [1783662466.035251011, 1723528223.813102530]: Not enough correct points, corner 0[0m
[33m[WARN] [1783662466.235688616, 1723528223.914254618]: Not enough correct points, corner 0[0m
[33m[WARN] [1783662466.438127874, 1723528224.016291845]: Not enough correct points, corner 0[0m
[33m[WARN] [1783662466.641115890, 1723528224.117450417]: Not enough correct points, corner 0[0m
[33m[WARN] [1783662466.840731412, 1723528224.218399573]: Not enough correct points, corner 0[0m
[33m[WARN] [1783662467.045761660, 1723528224.319671241]: Not enough correct points, corner 0[0m
[33m[WARN] [1783662467.244368412, 1723528224.416469896]: Not enough correct points, corner 0[0m
[33m[WARN] [1783662467.446430502, 1723528224.518017758]: Not enough correct points, corner 0[0m
[33m[WARN] [1783662467.648248550, 1723528224.619341299]: Not enough correct points, corner 0[0m
[33m[WARN] [1783662467.849866553, 1723528224.720867132]: Not enough correct points, corner 0[0m
[33m[WARN] [1783662468.052005659, 1723528224.822013004]: Not enough correct points, corner 0[0m
[33m[WARN] [1783662468.252772100, 1723528224.922919203]: Not enough correct points, corner 0[0m
[33m[WARN] [1783662468.454306446, 1723528225.023889102]: Not enough correct points, corner 0[0m
[0m[INFO] [1783662465.030872837, 1723528223.310408612]: average odom estimation time 12.787437 ms and frame count is 100 
 
[0m

Summary cost:18.4956
[0m[INFO] [1783662465.238854953, 1723528223.417311544]: odom estimation time 15.537382 ms[0m
[0m[INFO] [1783662465.238884005, 1723528223.417311544]: average odom estimation time 12.814664 ms and frame count is 101 
 
[0m

Summary cost:20.0998
[0m[INFO] [1783662465.433578646, 1723528223.513827275]: odom estimation time 8.081236 ms[0m
[0m[INFO] [1783662465.433598547, 1723528223.513827275]: average odom estimation time 12.768258 ms and frame count is 102 
 
[0m

Summary cost:19.6613
[0m[INFO] [1783662465.640350127, 1723528223.615439786]: odom estimation time 14.506439 ms[0m
[0m[INFO] [1783662465.640391173, 1723528223.615439786]: average odom estimation time 12.785134 ms and frame count is 103 
 
[0m

Summary cost:20.0147
[0m[INFO] [1783662465.843694227, 1723528223.717165704]: odom estimation time 14.112498 ms[0m
[0m[INFO] [1783662465.843719322, 1723528223.717165704]: average odom estimation time 12.797897 ms and frame count is 104 
 
[0m

Summary cost:20.1609
[0m[INFO] [1783662466.051185329, 1723528223.823231838]: odom estimation time 21.067383 ms[0m
[0m[INFO] [1783662466.051210302, 1723528223.823231838]: average odom estimation time 12.876654 ms and frame count is 105 
 
[0m

Summary cost:22.9533
[0m[INFO] [1783662466.244999050, 1723528223.919289725]: odom estimation time 12.412308 ms[0m
[0m[INFO] [1783662466.245037224, 1723528223.919289725]: average odom estimation time 12.872273 ms and frame count is 106 
 
[0m

Summary cost:20.2981
[0m[INFO] [1783662466.443539787, 1723528224.016291845]: odom estimation time 8.521852 ms[0m
[0m[INFO] [1783662466.443578978, 1723528224.016291845]: average odom estimation time 12.831615 ms and frame count is 107 
 
[0m

Summary cost:18.538
[0m[INFO] [1783662466.650048224, 1723528224.122499264]: odom estimation time 13.336397 ms[0m
[0m[INFO] [1783662466.650079305, 1723528224.122499264]: average odom estimation time 12.836289 ms and frame count is 108 
 
[0m

Summary cost:17.6401
[0m[INFO] [1783662466.847317160, 1723528224.218399573]: odom estimation time 10.626550 ms[0m
[0m[INFO] [1783662466.847354950, 1723528224.218399573]: average odom estimation time 12.816016 ms and frame count is 109 
 
[0m

Summary cost:15.9926
[0m[INFO] [1783662467.051150587, 1723528224.319671241]: odom estimation time 8.253032 ms[0m
[0m[INFO] [1783662467.051176038, 1723528224.319671241]: average odom estimation time 12.774535 ms and frame count is 110 
 
[0m

Summary cost:11.3393
[0m[INFO] [1783662467.251515842, 1723528224.421500479]: odom estimation time 11.095065 ms[0m
[0m[INFO] [1783662467.251541071, 1723528224.421500479]: average odom estimation time 12.759404 ms and frame count is 111 
 
[0m

Summary cost:13.5122
[0m[INFO] [1783662467.454874207, 1723528224.523123254]: odom estimation time 12.011400 ms[0m
[0m[INFO] [1783662467.454912730, 1723528224.523123254]: average odom estimation time 12.752726 ms and frame count is 112 
 
[0m

Summary cost:13.4065
[0m[INFO] [1783662467.657735136, 1723528224.624402842]: odom estimation time 12.610304 ms[0m
[0m[INFO] [1783662467.657763396, 1723528224.624402842]: average odom estimation time 12.751465 ms and frame count is 113 
 
[0m

Summary cost:12.6377
[0m[INFO] [1783662467.855633562, 1723528224.725911291]: odom estimation time 7.641494 ms[0m
[0m[INFO] [1783662467.855654909, 1723528224.725911291]: average odom estimation time 12.706641 ms and frame count is 114 
 
[0m

Summary cost:11.6733
[0m[INFO] [1783662468.061607816, 1723528224.827050461]: odom estimation time 11.856856 ms[0m
[0m[INFO] [1783662468.061638370, 1723528224.827050461]: average odom estimation time 12.699251 ms and frame count is 115 
 
[0m

Summary cost:12.7437
[0m[INFO] [1783662468.258958640, 1723528224.922919203]: odom estimation time 8.175229 ms[0m
[0m[INFO] [1783662468.258995603, 1723528224.922919203]: average odom estimation time 12.660251 ms and frame count is 116 
 
[0m

Summary cost:12.2199
[0m[INFO] [1783662468.460364965, 1723528225.023889102]: odom estimation time 9.639566 ms[0m
[33m[WARN] [1783662468.654465723, 1723528225.124746908]: Not enough correct points, corner 0[0m
[33m[WARN] [1783662468.852609797, 1723528225.220891768]: Not enough correct points, corner 0[0m
[33m[WARN] [1783662469.060717728, 1723528225.327252692]: Not enough correct points, corner 0[0m
[33m[WARN] [1783662469.261252106, 1723528225.428358885]: Not enough correct points, corner 0[0m
[33m[WARN] [1783662469.463817931, 1723528225.529514852]: Not enough correct points, corner 0[0m
[33m[WARN] [1783662469.663818445, 1723528225.625440853]: Not enough correct points, corner 0[0m
[33m[WARN] [1783662469.866371842, 1723528225.726761320]: Not enough correct points, corner 0[0m
[33m[WARN] [1783662470.069526581, 1723528225.832699865]: Not enough correct points, corner 0[0m
[33m[WARN] [1783662470.270500938, 1723528225.929011308]: Not enough correct points, corner 0[0m
[33m[WARN] [1783662470.470562905, 1723528226.029438887]: Not enough correct points, corner 0[0m
[33m[WARN] [1783662470.672734407, 1723528226.130450204]: Not enough correct points, corner 0[0m
[33m[WARN] [1783662470.876606381, 1723528226.233132604]: Not enough correct points, corner 0[0m
[33m[WARN] [1783662471.078186553, 1723528226.334710507]: Not enough correct points, corner 0[0m
[33m[WARN] [1783662471.277303511, 1723528226.435766875]: Not enough correct points, corner 0[0m
[33m[WARN] [1783662471.481927906, 1723528226.537775178]: Not enough correct points, corner 0[0m
[33m[WARN] [1783662471.683670388, 1723528226.639172282]: Not enough correct points, corner 0[0m
[33m[WARN] [1783662471.883145869, 1723528226.735641194]: Not enough correct points, corner 0[0m
[0m[INFO] [1783662468.460387812, 1723528225.023889102]: average odom estimation time 12.634433 ms and frame count is 117 
 
[0m

Summary cost:11.7018
[0m[INFO] [1783662468.660465522, 1723528225.124746908]: odom estimation time 8.649140 ms[0m
[0m[INFO] [1783662468.660486272, 1723528225.124746908]: average odom estimation time 12.600660 ms and frame count is 118 
 
[0m

Summary cost:12.5985
[0m[INFO] [1783662468.858898901, 1723528225.225996908]: odom estimation time 8.154389 ms[0m
[0m[INFO] [1783662468.858935408, 1723528225.225996908]: average odom estimation time 12.563296 ms and frame count is 119 
 
[0m

Summary cost:12.4886
[0m[INFO] [1783662469.068469685, 1723528225.327252692]: odom estimation time 10.838724 ms[0m
[0m[INFO] [1783662469.068503225, 1723528225.327252692]: average odom estimation time 12.548925 ms and frame count is 120 
 
[0m

Summary cost:12.1215
[0m[INFO] [1783662469.287155048, 1723528225.438434379]: odom estimation time 30.112425 ms[0m
[0m[INFO] [1783662469.287198528, 1723528225.438434379]: average odom estimation time 12.694078 ms and frame count is 121 
 
[0m

Summary cost:11.2576
[0m[INFO] [1783662469.470020422, 1723528225.529514852]: odom estimation time 9.868171 ms[0m
[0m[INFO] [1783662469.470055889, 1723528225.529514852]: average odom estimation time 12.670914 ms and frame count is 122 
 
[0m

Summary cost:12.2012
[0m[INFO] [1783662469.671977611, 1723528225.630496760]: odom estimation time 10.861440 ms[0m
[0m[INFO] [1783662469.672008418, 1723528225.630496760]: average odom estimation time 12.656203 ms and frame count is 123 
 
[0m

Summary cost:12.6453
[0m[INFO] [1783662469.874447752, 1723528225.731791566]: odom estimation time 12.129227 ms[0m
[0m[INFO] [1783662469.874501028, 1723528225.731791566]: average odom estimation time 12.651953 ms and frame count is 124 
 
[0m

Summary cost:11.2024
[0m[INFO] [1783662470.076554949, 1723528225.832699865]: odom estimation time 10.271399 ms[0m
[0m[INFO] [1783662470.076593379, 1723528225.832699865]: average odom estimation time 12.632909 ms and frame count is 125 
 
[0m

Summary cost:11.4159
[0m[INFO] [1783662470.279752565, 1723528225.934043191]: odom estimation time 12.096482 ms[0m
[0m[INFO] [1783662470.279789725, 1723528225.934043191]: average odom estimation time 12.628652 ms and frame count is 126 
 
[0m

Summary cost:11.7949
[0m[INFO] [1783662470.476857925, 1723528226.034567014]: odom estimation time 9.110362 ms[0m
[0m[INFO] [1783662470.476879851, 1723528226.034567014]: average odom estimation time 12.600949 ms and frame count is 127 
 
[0m

Summary cost:12.4662
[0m[INFO] [1783662470.678245530, 1723528226.135541402]: odom estimation time 7.869400 ms[0m
[0m[INFO] [1783662470.678267211, 1723528226.135541402]: average odom estimation time 12.563983 ms and frame count is 128 
 
[0m

Summary cost:12.6833
[0m[INFO] [1783662470.885801228, 1723528226.238169305]: odom estimation time 14.002904 ms[0m
[0m[INFO] [1783662470.885836852, 1723528226.238169305]: average odom estimation time 12.575138 ms and frame count is 129 
 
[0m

Summary cost:12.4654
[0m[INFO] [1783662471.086771097, 1723528226.339745456]: odom estimation time 12.901086 ms[0m
[0m[INFO] [1783662471.086809977, 1723528226.339745456]: average odom estimation time 12.577645 ms and frame count is 130 
 
[0m

Summary cost:12.3496
[0m[INFO] [1783662471.287712025, 1723528226.440801507]: odom estimation time 12.929464 ms[0m
[0m[INFO] [1783662471.287751492, 1723528226.440801507]: average odom estimation time 12.580331 ms and frame count is 131 
 
[0m

Summary cost:12.1435
[0m[INFO] [1783662471.487307505, 1723528226.537775178]: odom estimation time 7.962863 ms[0m
[0m[INFO] [1783662471.487323819, 1723528226.537775178]: average odom estimation time 12.545350 ms and frame count is 132 
 
[0m

Summary cost:12.1231
[0m[INFO] [1783662471.693946386, 1723528226.639172282]: odom estimation time 14.201431 ms[0m
[0m[INFO] [1783662471.693991184, 1723528226.639172282]: average odom estimation time 12.557802 ms and frame count is 133 
 
[0m

Summary cost:11.9735
[33m[WARN] [1783662472.079231731, 1723528226.836818671]: Not enough correct points, corner 0[0m
[33m[WARN] [1783662472.288708848, 1723528226.938541749]: Not enough correct points, corner 0[0m
[33m[WARN] [1783662472.486697675, 1723528227.039427402]: Not enough correct points, corner 0[0m
[33m[WARN] [1783662472.688659327, 1723528227.140624348]: Not enough correct points, corner 0[0m
[33m[WARN] [1783662472.889482659, 1723528227.241844561]: Not enough correct points, corner 0[0m
[33m[WARN] [1783662473.093235647, 1723528227.342776939]: Not enough correct points, corner 0[0m
[33m[WARN] [1783662473.298564490, 1723528227.443897824]: Not enough correct points, corner 0[0m
[33m[WARN] [1783662473.495995693, 1723528227.544957775]: Not enough correct points, corner 0[0m
[33m[WARN] [1783662473.702643821, 1723528227.647031921]: Not enough correct points, corner 0[0m
[33m[WARN] [1783662473.902132535, 1723528227.747966255]: Not enough correct points, corner 0[0m
[33m[WARN] [1783662474.100529512, 1723528227.844899983]: Not enough correct points, corner 0[0m
[33m[WARN] [1783662474.303101779, 1723528227.945759117]: Not enough correct points, corner 0[0m
[33m[WARN] [1783662474.511513386, 1723528228.052796765]: Not enough correct points, corner 0[0m
[33m[WARN] [1783662474.705564293, 1723528228.148965543]: Not enough correct points, corner 0[0m
[33m[WARN] [1783662474.909678417, 1723528228.250902381]: Not enough correct points, corner 0[0m
[33m[WARN] [1783662475.110204643, 1723528228.352327680]: Not enough correct points, corner 0[0m
[0m[INFO] [1783662471.889905243, 1723528226.740668252]: odom estimation time 8.868577 ms[0m
[0m[INFO] [1783662471.889936840, 1723528226.740668252]: average odom estimation time 12.530270 ms and frame count is 134 
 
[0m

Summary cost:12.3068
[0m[INFO] [1783662472.084341581, 1723528226.836818671]: odom estimation time 7.078309 ms[0m
[0m[INFO] [1783662472.084357345, 1723528226.836818671]: average odom estimation time 12.489885 ms and frame count is 135 
 
[0m

Summary cost:12.6741
[0m[INFO] [1783662472.298978925, 1723528226.943574417]: odom estimation time 15.067408 ms[0m
[0m[INFO] [1783662472.299019129, 1723528226.943574417]: average odom estimation time 12.508838 ms and frame count is 136 
 
[0m

Summary cost:11.9305
[0m[INFO] [1783662472.493019346, 1723528227.039427402]: odom estimation time 8.323212 ms[0m
[0m[INFO] [1783662472.493042827, 1723528227.039427402]: average odom estimation time 12.478286 ms and frame count is 137 
 
[0m

Summary cost:11.3313
[0m[INFO] [1783662472.693560430, 1723528227.140624348]: odom estimation time 6.688331 ms[0m
[0m[INFO] [1783662472.693580447, 1723528227.140624348]: average odom estimation time 12.436329 ms and frame count is 138 
 
[0m

Summary cost:11.7283
[0m[INFO] [1783662472.894924182, 1723528227.241844561]: odom estimation time 7.480950 ms[0m
[0m[INFO] [1783662472.894943887, 1723528227.241844561]: average odom estimation time 12.400679 ms and frame count is 139 
 
[0m

Summary cost:12.612
[0m[INFO] [1783662473.102524319, 1723528227.347808405]: odom estimation time 13.162377 ms[0m
[0m[INFO] [1783662473.102566192, 1723528227.347808405]: average odom estimation time 12.406120 ms and frame count is 140 
 
[0m

Summary cost:12.5469
[0m[INFO] [1783662473.303909101, 1723528227.448929554]: odom estimation time 8.406693 ms[0m
[0m[INFO] [1783662473.303931231, 1723528227.448929554]: average odom estimation time 12.377755 ms and frame count is 141 
 
[0m

Summary cost:13.1581
[0m[INFO] [1783662473.506096974, 1723528227.550090377]: odom estimation time 14.241157 ms[0m
[0m[INFO] [1783662473.506151987, 1723528227.550090377]: average odom estimation time 12.390878 ms and frame count is 142 
 
[0m

Summary cost:12.9683
[0m[INFO] [1783662473.708044645, 1723528227.652114242]: odom estimation time 9.105467 ms[0m
[0m[INFO] [1783662473.708064560, 1723528227.652114242]: average odom estimation time 12.367903 ms and frame count is 143 
 
[0m

Summary cost:12.2938
[0m[INFO] [1783662473.910966072, 1723528227.753106373]: odom estimation time 12.161047 ms[0m
[0m[INFO] [1783662473.911001300, 1723528227.753106373]: average odom estimation time 12.366466 ms and frame count is 144 
 
[0m

Summary cost:12.3337
[0m[INFO] [1783662474.108120174, 1723528227.849945846]: odom estimation time 9.564976 ms[0m
[0m[INFO] [1783662474.108152733, 1723528227.849945846]: average odom estimation time 12.347146 ms and frame count is 145 
 
[0m

Summary cost:12.9627
[0m[INFO] [1783662474.310770095, 1723528227.950824731]: odom estimation time 10.839480 ms[0m
[0m[INFO] [1783662474.310796663, 1723528227.950824731]: average odom estimation time 12.336819 ms and frame count is 146 
 
[0m

Summary cost:12.8409
[0m[INFO] [1783662474.516846333, 1723528228.052796765]: odom estimation time 9.265244 ms[0m
[0m[INFO] [1783662474.516862538, 1723528228.052796765]: average odom estimation time 12.315924 ms and frame count is 147 
 
[0m

Summary cost:11.9072
[0m[INFO] [1783662474.734347708, 1723528228.164763142]: odom estimation time 31.663406 ms[0m
[0m[INFO] [1783662474.734386471, 1723528228.164763142]: average odom estimation time 12.446650 ms and frame count is 148 
 
[0m

Summary cost:12.0802
[0m[INFO] [1783662474.918359016, 1723528228.255934250]: odom estimation time 11.899335 ms[0m
[0m[INFO] [1783662474.918394706, 1723528228.255934250]: average odom estimation time 12.442977 ms and frame count is 149 
 
[0m

Summary cost:13.1201
[0m[INFO] [1783662475.116316738, 1723528228.352327680]: odom estimation time 8.364869 ms[0m
[33m[WARN] [1783662475.308865246, 1723528228.449346525]: Not enough correct points, corner 0[0m
[33m[WARN] [1783662475.520226324, 1723528228.555694030]: Not enough correct points, corner 0[0m
[33m[WARN] [1783662475.716651450, 1723528228.656547237]: Not enough correct points, corner 0[0m
[33m[WARN] [1783662475.917016893, 1723528228.752698446]: Not enough correct points, corner 0[0m
[33m[WARN] [1783662476.119002162, 1723528228.854382340]: Not enough correct points, corner 0[0m
[33m[WARN] [1783662476.318880071, 1723528228.955380475]: Not enough correct points, corner 0[0m
[33m[WARN] [1783662476.523252636, 1723528229.056604931]: Not enough correct points, corner 0[0m
[33m[WARN] [1783662476.726232393, 1723528229.157440314]: Not enough correct points, corner 0[0m
[33m[WARN] [1783662476.926849629, 1723528229.258350945]: Not enough correct points, corner 0[0m
[33m[WARN] [1783662477.125179898, 1723528229.359127544]: Not enough correct points, corner 0[0m
[33m[WARN] [1783662477.330650428, 1723528229.461710243]: Not enough correct points, corner 0[0m
[33m[WARN] [1783662477.532963404, 1723528229.562943343]: Not enough correct points, corner 0[0m
[33m[WARN] [1783662477.730171804, 1723528229.658962363]: Not enough correct points, corner 0[0m
[33m[WARN] [1783662477.934855482, 1723528229.765076916]: Not enough correct points, corner 0[0m
[33m[WARN] [1783662478.136830599, 1723528229.866242513]: Not enough correct points, corner 0[0m
[33m[WARN] [1783662478.336403493, 1723528229.962469638]: Not enough correct points, corner 0[0m
[33m[WARN] [1783662478.538488773, 1723528230.063382739]: Not enough correct points, corner 0[0m
[0m[INFO] [1783662475.116350070, 1723528228.352327680]: average odom estimation time 12.415790 ms and frame count is 150 
 
[0m

Summary cost:12.2704
[0m[INFO] [1783662475.314534744, 1723528228.454378029]: odom estimation time 7.770597 ms[0m
[0m[INFO] [1783662475.314560209, 1723528228.454378029]: average odom estimation time 12.385027 ms and frame count is 151 
 
[0m

Summary cost:12.1808
[0m[INFO] [1783662475.525649459, 1723528228.555694030]: odom estimation time 8.010784 ms[0m
[0m[INFO] [1783662475.525669245, 1723528228.555694030]: average odom estimation time 12.356249 ms and frame count is 152 
 
[0m

Summary cost:12.5596
[0m[INFO] [1783662475.722104348, 1723528228.656547237]: odom estimation time 8.350496 ms[0m
[0m[INFO] [1783662475.722126553, 1723528228.656547237]: average odom estimation time 12.330068 ms and frame count is 153 
 
[0m

Summary cost:12.7537
[0m[INFO] [1783662475.923052796, 1723528228.757728354]: odom estimation time 8.177606 ms[0m
[0m[INFO] [1783662475.923076061, 1723528228.757728354]: average odom estimation time 12.303104 ms and frame count is 154 
 
[0m

Summary cost:12.3435
[0m[INFO] [1783662476.127191112, 1723528228.859455346]: odom estimation time 11.086426 ms[0m
[0m[INFO] [1783662476.127224744, 1723528228.859455346]: average odom estimation time 12.295254 ms and frame count is 155 
 
[0m

Summary cost:12.3597
[0m[INFO] [1783662476.325507581, 1723528228.955380475]: odom estimation time 8.921975 ms[0m
[0m[INFO] [1783662476.325544123, 1723528228.955380475]: average odom estimation time 12.273630 ms and frame count is 156 
 
[0m

Summary cost:12.9089
[0m[INFO] [1783662476.531790113, 1723528229.061738927]: odom estimation time 11.887097 ms[0m
[0m[INFO] [1783662476.531819488, 1723528229.061738927]: average odom estimation time 12.271168 ms and frame count is 157 
 
[0m

Summary cost:13.3842
[0m[INFO] [1783662476.735289069, 1723528229.162473117]: odom estimation time 13.457670 ms[0m
[0m[INFO] [1783662476.735325686, 1723528229.162473117]: average odom estimation time 12.278678 ms and frame count is 158 
 
[0m

Summary cost:12.5971
[0m[INFO] [1783662476.934891862, 1723528229.263382144]: odom estimation time 12.129368 ms[0m
[0m[INFO] [1783662476.934928087, 1723528229.263382144]: average odom estimation time 12.277739 ms and frame count is 159 
 
[0m

Summary cost:12.8169
[0m[INFO] [1783662477.132716288, 1723528229.359127544]: odom estimation time 9.857146 ms[0m
[0m[INFO] [1783662477.132742144, 1723528229.359127544]: average odom estimation time 12.262610 ms and frame count is 160 
 
[0m

Summary cost:13.0438
[0m[INFO] [1783662477.338210948, 1723528229.466760199]: odom estimation time 10.771361 ms[0m
[0m[INFO] [1783662477.338243481, 1723528229.466760199]: average odom estimation time 12.253348 ms and frame count is 161 
 
[0m

Summary cost:13.5148
[0m[INFO] [1783662477.538873542, 1723528229.562943343]: odom estimation time 8.267826 ms[0m
[0m[INFO] [1783662477.538893254, 1723528229.562943343]: average odom estimation time 12.228746 ms and frame count is 162 
 
[0m

Summary cost:12.9586
[0m[INFO] [1783662477.735686816, 1723528229.663989937]: odom estimation time 7.691106 ms[0m
[0m[INFO] [1783662477.735703476, 1723528229.663989937]: average odom estimation time 12.200907 ms and frame count is 163 
 
[0m

Summary cost:13.2179
[0m[INFO] [1783662477.957118535, 1723528229.775196382]: odom estimation time 25.446651 ms[0m
[0m[INFO] [1783662477.957159576, 1723528229.775196382]: average odom estimation time 12.281674 ms and frame count is 164 
 
[0m

Summary cost:13.7298
[0m[INFO] [1783662478.142968138, 1723528229.866242513]: odom estimation time 9.605572 ms[0m
[0m[INFO] [1783662478.142993909, 1723528229.866242513]: average odom estimation time 12.265455 ms and frame count is 165 
 
[0m

Summary cost:13.9601
[0m[INFO] [1783662478.341872401, 1723528229.967506413]: odom estimation time 8.191885 ms[0m
[0m[INFO] [1783662478.341893819, 1723528229.967506413]: average odom estimation time 12.240916 ms and frame count is 166 
 
[0m

Summary cost:12.712
[33m[WARN] [1783662478.745062457, 1723528230.170254083]: Not enough correct points, corner 0[0m
[33m[WARN] [1783662478.944607695, 1723528230.266583143]: Not enough correct points, corner 0[0m
[33m[WARN] [1783662479.145231888, 1723528230.367792630]: Not enough correct points, corner 0[0m
[33m[WARN] [1783662479.346796219, 1723528230.469455767]: Not enough correct points, corner 0[0m
[33m[WARN] [1783662479.549990752, 1723528230.570709260]: Not enough correct points, corner 0[0m
[33m[WARN] [1783662479.748942399, 1723528230.671805203]: Not enough correct points, corner 0[0m
[33m[WARN] [1783662479.952966279, 1723528230.773558842]: Not enough correct points, corner 0[0m
[33m[WARN] [1783662480.155966723, 1723528230.874632023]: Not enough correct points, corner 0[0m
[33m[WARN] [1783662480.354006263, 1723528230.970486855]: Not enough correct points, corner 0[0m
[33m[WARN] [1783662480.558630924, 1723528231.077167304]: Not enough correct points, corner 0[0m
[33m[WARN] [1783662480.761699043, 1723528231.174365913]: Not enough correct points, corner 0[0m
[33m[WARN] [1783662480.959834993, 1723528231.275737743]: Not enough correct points, corner 0[0m
[33m[WARN] [1783662481.162137362, 1723528231.376712119]: Not enough correct points, corner 0[0m
[33m[WARN] [1783662481.364137329, 1723528231.477531386]: Not enough correct points, corner 0[0m
[33m[WARN] [1783662481.566375217, 1723528231.578198251]: Not enough correct points, corner 0[0m
[33m[WARN] [1783662481.767519135, 1723528231.679217771]: Not enough correct points, corner 0[0m
[33m[WARN] [1783662481.973336226, 1723528231.784992434]: Not enough correct points, corner 0[0m
[0m[INFO] [1783662478.546727056, 1723528230.068413665]: odom estimation time 12.004147 ms[0m
[0m[INFO] [1783662478.546779487, 1723528230.068413665]: average odom estimation time 12.239498 ms and frame count is 167 
 
[0m

Summary cost:13.1113
[0m[INFO] [1783662478.754696642, 1723528230.175287680]: odom estimation time 12.934571 ms[0m
[0m[INFO] [1783662478.754749024, 1723528230.175287680]: average odom estimation time 12.243635 ms and frame count is 168 
 
[0m

Summary cost:12.8579
[0m[INFO] [1783662478.969496563, 1723528230.281711383]: odom estimation time 29.447573 ms[0m
[0m[INFO] [1783662478.969535293, 1723528230.281711383]: average odom estimation time 12.345434 ms and frame count is 169 
 
[0m

Summary cost:12.8934
[0m[INFO] [1783662479.150710246, 1723528230.372823118]: odom estimation time 8.155387 ms[0m
[0m[INFO] [1783662479.150729895, 1723528230.372823118]: average odom estimation time 12.320786 ms and frame count is 170 
 
[0m

Summary cost:13.3096
[0m[INFO] [1783662479.364779910, 1723528230.479667584]: odom estimation time 21.395927 ms[0m
[0m[INFO] [1783662479.364814895, 1723528230.479667584]: average odom estimation time 12.373857 ms and frame count is 171 
 
[0m

Summary cost:13.7227
[0m[INFO] [1783662479.554537082, 1723528230.570709260]: odom estimation time 6.985736 ms[0m
[0m[INFO] [1783662479.554556720, 1723528230.570709260]: average odom estimation time 12.342531 ms and frame count is 172 
 
[0m

Summary cost:13.0304
[0m[INFO] [1783662479.754312064, 1723528230.671805203]: odom estimation time 8.787273 ms[0m
[0m[INFO] [1783662479.754354622, 1723528230.671805203]: average odom estimation time 12.321981 ms and frame count is 173 
 
[0m

Summary cost:13.1908
[0m[INFO] [1783662479.958425431, 1723528230.773558842]: odom estimation time 8.165679 ms[0m
[0m[INFO] [1783662479.958450288, 1723528230.773558842]: average odom estimation time 12.298094 ms and frame count is 174 
 
[0m

Summary cost:13.3109
[0m[INFO] [1783662480.161916863, 1723528230.874632023]: odom estimation time 7.982430 ms[0m
[0m[INFO] [1783662480.161945404, 1723528230.874632023]: average odom estimation time 12.273433 ms and frame count is 175 
 
[0m

Summary cost:13.003
[0m[INFO] [1783662480.359938553, 1723528230.975603951]: odom estimation time 7.947563 ms[0m
[0m[INFO] [1783662480.359968038, 1723528230.975603951]: average odom estimation time 12.248854 ms and frame count is 176 
 
[0m

Summary cost:11.8646
[0m[INFO] [1783662480.578117248, 1723528231.087275376]: odom estimation time 23.448215 ms[0m
[0m[INFO] [1783662480.578148138, 1723528231.087275376]: average odom estimation time 12.312127 ms and frame count is 177 
 
[0m

Summary cost:11.6366
[0m[INFO] [1783662480.768530165, 1723528231.179413603]: odom estimation time 9.535487 ms[0m
[0m[INFO] [1783662480.768576737, 1723528231.179413603]: average odom estimation time 12.296528 ms and frame count is 178 
 
[0m

Summary cost:12.5362
[0m[INFO] [1783662480.967340343, 1723528231.280768874]: odom estimation time 10.370534 ms[0m
[0m[INFO] [1783662480.967374658, 1723528231.280768874]: average odom estimation time 12.285768 ms and frame count is 179 
 
[0m

Summary cost:12.3392
[0m[INFO] [1783662481.168618465, 1723528231.381746910]: odom estimation time 10.892083 ms[0m
[0m[INFO] [1783662481.168649110, 1723528231.381746910]: average odom estimation time 12.278026 ms and frame count is 180 
 
[0m

Summary cost:12.5655
[0m[INFO] [1783662481.370420506, 1723528231.482560389]: odom estimation time 9.185363 ms[0m
[0m[INFO] [1783662481.370444921, 1723528231.482560389]: average odom estimation time 12.260939 ms and frame count is 181 
 
[0m

Summary cost:13.0339
[0m[INFO] [1783662481.573307283, 1723528231.583231635]: odom estimation time 9.742964 ms[0m
[0m[INFO] [1783662481.573344700, 1723528231.583231635]: average odom estimation time 12.247104 ms and frame count is 182 
 
[0m

Summary cost:12.1954
[0m[INFO] [1783662481.789601282, 1723528231.689309511]: odom estimation time 26.542704 ms[0m
[0m[INFO] [1783662481.789651814, 1723528231.689309511]: average odom estimation time 12.325222 ms and frame count is 183 
 
[0m

[33m[WARN] [1783662482.171527347, 1723528231.880766043]: Not enough correct points, corner 0[0m
[33m[WARN] [1783662482.370778066, 1723528231.981521827]: Not enough correct points, corner 0[0m
[33m[WARN] [1783662482.572628560, 1723528232.082469073]: Not enough correct points, corner 0[0m
[33m[WARN] [1783662482.783458223, 1723528232.188382728]: Not enough correct points, corner 0[0m
[33m[WARN] [1783662482.980841858, 1723528232.284791722]: Not enough correct points, corner 0[0m
[33m[WARN] [1783662483.182250311, 1723528232.386294259]: Not enough correct points, corner 0[0m
[33m[WARN] [1783662483.381070806, 1723528232.487004793]: Not enough correct points, corner 0[0m
[33m[WARN] [1783662483.586337804, 1723528232.588047560]: Not enough correct points, corner 0[0m
[33m[WARN] [1783662483.785636459, 1723528232.689166174]: Not enough correct points, corner 0[0m
[33m[WARN] [1783662483.989170121, 1723528232.790695888]: Not enough correct points, corner 0[0m
[33m[WARN] [1783662484.188713484, 1723528232.891642228]: Not enough correct points, corner 0[0m
[33m[WARN] [1783662484.391634447, 1723528232.992894198]: Not enough correct points, corner 0[0m
[33m[WARN] [1783662484.592748331, 1723528233.094340384]: Not enough correct points, corner 0[0m
[33m[WARN] [1783662484.797931471, 1723528233.195671223]: Not enough correct points, corner 0[0m
[33m[WARN] [1783662484.997943265, 1723528233.297034986]: Not enough correct points, corner 0[0m
[33m[WARN] [1783662485.195892655, 1723528233.392945346]: Not enough correct points, corner 0[0m
Summary cost:12.3035
[0m[INFO] [1783662481.981998919, 1723528231.784992434]: odom estimation time 13.872721 ms[0m
[0m[INFO] [1783662481.982033104, 1723528231.784992434]: average odom estimation time 12.333633 ms and frame count is 184 
 
[0m

Summary cost:12.3154
[0m[INFO] [1783662482.179573477, 1723528231.885795316]: odom estimation time 12.799575 ms[0m
[0m[INFO] [1783662482.179622397, 1723528231.885795316]: average odom estimation time 12.336151 ms and frame count is 185 
 
[0m

Summary cost:12.2613
[0m[INFO] [1783662482.377060103, 1723528231.981521827]: odom estimation time 8.520984 ms[0m
[0m[INFO] [1783662482.377090621, 1723528231.981521827]: average odom estimation time 12.315639 ms and frame count is 186 
 
[0m

Summary cost:12.4263
[0m[INFO] [1783662482.577687150, 1723528232.082469073]: odom estimation time 7.844040 ms[0m
[0m[INFO] [1783662482.577705790, 1723528232.082469073]: average odom estimation time 12.291727 ms and frame count is 187 
 
[0m

Summary cost:12.5786
[0m[INFO] [1783662482.793099078, 1723528232.193420027]: odom estimation time 14.676736 ms[0m
[0m[INFO] [1783662482.793135128, 1723528232.193420027]: average odom estimation time 12.304413 ms and frame count is 188 
 
[0m

Summary cost:12.0318
[0m[INFO] [1783662482.991931079, 1723528232.289852650]: odom estimation time 16.881037 ms[0m
[0m[INFO] [1783662482.991973941, 1723528232.289852650]: average odom estimation time 12.328628 ms and frame count is 189 
 
[0m

Summary cost:11.4865
[0m[INFO] [1783662483.189000323, 1723528232.391329236]: odom estimation time 10.175645 ms[0m
[0m[INFO] [1783662483.189031253, 1723528232.391329236]: average odom estimation time 12.317297 ms and frame count is 190 
 
[0m

Summary cost:12.6049
[0m[INFO] [1783662483.402144399, 1723528232.497195857]: odom estimation time 23.804325 ms[0m
[0m[INFO] [1783662483.402175732, 1723528232.497195857]: average odom estimation time 12.377438 ms and frame count is 191 
 
[0m

Summary cost:12.5414
[0m[INFO] [1783662483.596567439, 1723528232.593090739]: odom estimation time 14.670950 ms[0m
[0m[INFO] [1783662483.596617512, 1723528232.593090739]: average odom estimation time 12.389384 ms and frame count is 192 
 
[0m

Summary cost:12.1113
[0m[INFO] [1783662483.793393539, 1723528232.694198680]: odom estimation time 11.571491 ms[0m
[0m[INFO] [1783662483.793430576, 1723528232.694198680]: average odom estimation time 12.385146 ms and frame count is 193 
 
[0m

Summary cost:12.8522
[0m[INFO] [1783662483.997587535, 1723528232.795729331]: odom estimation time 14.026330 ms[0m
[0m[INFO] [1783662483.997623863, 1723528232.795729331]: average odom estimation time 12.393606 ms and frame count is 194 
 
[0m

Summary cost:11.6961
[0m[INFO] [1783662484.195197714, 1723528232.891642228]: odom estimation time 10.233977 ms[0m
[0m[INFO] [1783662484.195226260, 1723528232.891642228]: average odom estimation time 12.382531 ms and frame count is 195 
 
[0m

Summary cost:12.8289
[0m[INFO] [1783662484.397995787, 1723528232.992894198]: odom estimation time 9.478036 ms[0m
[0m[INFO] [1783662484.398019060, 1723528232.992894198]: average odom estimation time 12.367712 ms and frame count is 196 
 
[0m

Summary cost:12.9979
[0m[INFO] [1783662484.600411271, 1723528233.094340384]: odom estimation time 10.909939 ms[0m
[0m[INFO] [1783662484.600449203, 1723528233.094340384]: average odom estimation time 12.360312 ms and frame count is 197 
 
[0m

Summary cost:13.4595
[0m[INFO] [1783662484.808643008, 1723528233.200756315]: odom estimation time 17.966173 ms[0m
[0m[INFO] [1783662484.808681408, 1723528233.200756315]: average odom estimation time 12.388624 ms and frame count is 198 
 
[0m

Summary cost:13.1561
[0m[INFO] [1783662485.005117534, 1723528233.297034986]: odom estimation time 11.105030 ms[0m
[0m[INFO] [1783662485.005154024, 1723528233.297034986]: average odom estimation time 12.382174 ms and frame count is 199 
 
[0m

Summary cost:13.4671
[0m[INFO] [1783662485.206500541, 1723528233.397979211]: odom estimation time 14.071691 ms[0m
[33m[WARN] [1783662485.399438900, 1723528233.493862432]: Not enough correct points, corner 0[0m
[33m[WARN] [1783662485.602159598, 1723528233.595783538]: Not enough correct points, corner 0[0m
[33m[WARN] [1783662485.800279444, 1723528233.697524454]: Not enough correct points, corner 0[0m
[33m[WARN] [1783662486.005116142, 1723528233.798805447]: Not enough correct points, corner 0[0m
